     1                                  bits 32
     2                                  global start
     3                                  
     4                                  extern exit
     5                                  import exit msvcrt.dll
     6                                  
     7                                  segment data use32 class=data
     8 00000000 02                          a DB 2
     9 00000001 0F000000                    b DD 15
    10 00000005 7D                          c DB 125
    11 00000006 5000000000000000            x DQ 80
    12                                  segment code use32 class=code
    13                                  start:
    14                                      ;;; Unsigned representation			Exercise 17
    15                                      ;;; x-(a*a+b)/(a+c/a); a,c-byte; b-doubleword; x-qword
    16                                      
    17                                      ;;;First we compute (a*a+b)
    18 00000000 A0[00000000]                mov AL, [a]                     ;;;AL = 2 = 02h 
    19 00000005 F625[00000000]              mul byte [a]                    ;;;AX = AL * [a] = 2 * 2 = 4 = 0004h
    20                                      
    21                                      ;;;Now we add b to a*a
    22 0000000B 668B1D[01000000]            mov BX, [b]                     ;;;BX = 000Fh = 15
    23 00000012 668B0D[03000000]            mov CX, [b+2]                   ;;;CX = 0000h = 0
    24 00000019 6601C3                      add BX, AX                      ;;;EBX = 00000013h = 19
    25 0000001C 6683D100                    adc CX, 0
    26                                      ;;;The result of (a*a+b) is in CX:BX
    27                                     
    28                                      
    29                                      
    30                                      ;;; Now we compute (a+c/a)
    31 00000020 A0[05000000]                mov AL, [c]                     ;;;AL = 7Dh = 125
    32 00000025 B400                        mov AH, 0
    33 00000027 F635[00000000]              div byte [a]                    ;;;AL = AX / [a] = 125 / 2 = 62 = 3Eh
    34                                                                      ;;;AH = AX % [a] = 125 % 2 = 1 =  01h
    35                                                                      ;;;AX = 013Eh
    36 0000002D B400                        mov AH, 0;;;We don't need the remainder -> AX = 003Eh
    37                                      ;;; We add a to (c/a)
    38 0000002F 0205[00000000]              add AL, [a]                     ;;;AL = 40h = 64
    39 00000035 80D400                      adc AH, 0                       ;;;AX = 0040h = 64
    40                                      ;;;The result of (a+c/a) is in AX
    41                                      
    42                                      ;;;We move AX into SI and CX:BX into DX:AX
    43 00000038 6689C6                      mov SI, AX                      ;;;SI = 0040h = 64
    44 0000003B 6689D8                      mov AX, BX                      ;;;AX = 0013h = 19
    45 0000003E 6689CA                      mov DX, CX                      ;;;DX = 0000h = 0 
    46                                      ;;;Now (a*a+b) is in DX:AX and (a+c/a) is in SI
    47                                      
    48                                      
    49                                      ;;;Now we do the operation (a*a+b)/(a+c/a)
    50                                      
    51 00000041 66F7F6                      div SI                          ;;;AX = DX:AX / SI = 19 / 64 = 0  = 0000h
    52                                                                      ;;;DX = DX:AX % SI = 19 % 64 = 19 = 0013h
    53                                      
    54                                      ;;;Now we need to subtract AX (which is (a*a+b)/(a+c/a)) from x 
    55                                      ;;;But firstly, we move x into two 4-byte registers
    56                                      ;;;We will choose ECX:EBX
    57                                      
    58 00000044 8B1D[06000000]              mov EBX, dword [x]              ;;;EBX= 00000050h = 80
    59 0000004A 8B0D[0A000000]              mov ECX, dword [x+4]            ;;;ECX= 00000000h
    60                                                                      ;;;ECX:EBX = 00000000:00000050h = 80
    61                                      
    62 00000050 6629C3                      sub BX, AX                      ;;;BX = BX - AX = 80 - 0 = 80 = 50h
    63                                                                      ;;;ECX:EBX = 00000000:00000050h = 80
    64                                      
    65 00000053 6A00                        push dword 0
    66 00000055 FF15[00000000]              call [exit]
